/opt/vitis_ai/conda/envs/vitis-ai-tensorflow2/lib/python3.7/site-packages/xnnc/translator/tensorflow_translator.py:1809: H5pyDeprecationWarning: dataset.value has been deprecated. Use dataset[()] instead.
  value = param.get(group).get(ds).value
[INFO] parse raw model     :  0%|          | 0/71 [00:00<?, ?it/s]                           [INFO] parse raw model     :100%|██████████| 71/71 [00:00<00:00, 22318.49it/s]               
[INFO] infer shape (NHWC)  :  0%|          | 0/109 [00:00<?, ?it/s]                          [INFO] infer shape (NHWC)  :100%|██████████| 109/109 [00:00<00:00, 27856.39it/s]             
[INFO] generate xmodel     :  0%|          | 0/109 [00:00<?, ?it/s]                          [INFO] generate xmodel     :100%|██████████| 109/109 [00:00<00:00, 11148.81it/s]             
[INFO] Namespace(inputs_shape=None, layout='NHWC', model_files=['quant_model/q_model_projectBP.h5'], model_type='tensorflow2', out_filename='compiled_model/customcnn_org.xmodel', proto=None)
[INFO] tensorflow2 model: quant_model/q_model_projectBP.h5
[OPT] No optimization method available for xir-level optimization.
[INFO] generate xmodel: /workspace/Vitis-Tutorials/Prueba02/files/compiled_model/customcnn_org.xmodel
[UNILOG][INFO] The compiler log will be dumped at "/tmp/vitis-ai-user/log/xcompiler-20210602-105024-441"
[UNILOG][INFO] Target architecture: DPUCZDX8G_ISA0_B4096_MAX_BG2
[UNILOG][INFO] Compile mode: dpu
[UNILOG][INFO] Debug mode: function
[UNILOG][INFO] Target architecture: DPUCZDX8G_ISA0_B4096_MAX_BG2
[UNILOG][INFO] Graph name: functional_1, with op num: 233
[UNILOG][INFO] Begin to compile...
[UNILOG][INFO] Total device subgraph number 3, DPU subgraph number 1
[UNILOG][INFO] Compile done.
[UNILOG][INFO] The meta json is saved to "/workspace/Vitis-Tutorials/Prueba02/files/compiled_model/meta.json"
[UNILOG][INFO] The compiled xmodel is saved to "/workspace/Vitis-Tutorials/Prueba02/files/compiled_model/customcnn.xmodel"
[UNILOG][INFO] The compiled xmodel's md5sum is c6a0544cf2c2cdd97f9286cab890aa67, and been saved to "/workspace/Vitis-Tutorials/Prueba02/files/compiled_model/md5sum.txt"
**************************************************
* VITIS_AI Compilation - Xilinx Inc.
**************************************************
